2026-06-09 16:52:15 [argos.scraper] INFO [autoscout24_de] Scraping BMW Serie 3 (anno 2021-2024, km max 80000)
2026-06-09 16:52:15,645 [INFO] [autoscout24_de] Scraping BMW Serie 3 (anno 2021-2024, km max 80000)
2026-06-09 16:52:16 [argos.scraper] INFO [autoscout24_de] Pagina 1/3: 20 listing (20 totali unici)
2026-06-09 16:52:16,381 [INFO] [autoscout24_de] Pagina 1/3: 20 listing (20 totali unici)
2026-06-09 16:52:24 [argos.scraper] INFO [autoscout24_de] Pagina 2/3: 20 listing (39 totali unici)
2026-06-09 16:52:24,353 [INFO] [autoscout24_de] Pagina 2/3: 20 listing (39 totali unici)
2026-06-09 16:52:33 [argos.scraper] INFO [autoscout24_de] Pagina 3/3: 20 listing (58 totali unici)
2026-06-09 16:52:33,260 [INFO] [autoscout24_de] Pagina 3/3: 20 listing (58 totali unici)
2026-06-09 16:52:33 [argos.scraper] INFO [autoscout24_de] Completato BMW Serie 3: 58 listing in 3 pagine
2026-06-09 16:52:33,261 [INFO] [autoscout24_de] Completato BMW Serie 3: 58 listing in 3 pagine
2026-06-09 16:52:33 [argos.scraper] INFO [autoscout24_it] Scraping BMW Serie 3 (anno 2023-2025, km max 80000)
2026-06-09 16:52:33,262 [INFO] [autoscout24_it] Scraping BMW Serie 3 (anno 2023-2025, km max 80000)
2026-06-09 16:52:34 [argos.scraper] INFO [autoscout24_it] Pagina 1/10: 19 listing (19 totali unici)
2026-06-09 16:52:34,235 [INFO] [autoscout24_it] Pagina 1/10: 19 listing (19 totali unici)
2026-06-09 16:52:34 [argos.scraper] INFO [autoscout24_it] Completato BMW Serie 3: 19 listing in 1 pagine
2026-06-09 16:52:34,235 [INFO] [autoscout24_it] Completato BMW Serie 3: 19 listing in 1 pagine
2026-06-09 16:52:34 [argos.scraper] INFO [autoscout24_it] Scraping BMW Serie 3 (anno 2020-2022, km max 80000)
2026-06-09 16:52:34,236 [INFO] [autoscout24_it] Scraping BMW Serie 3 (anno 2020-2022, km max 80000)
2026-06-09 16:52:34 [argos.scraper] INFO [autoscout24_it] Pagina 1/10: 19 listing (19 totali unici)
2026-06-09 16:52:34,939 [INFO] [autoscout24_it] Pagina 1/10: 19 listing (19 totali unici)
2026-06-09 16:52:34 [argos.scraper] INFO [autoscout24_it] Completato BMW Serie 3: 19 listing in 1 pagine
2026-06-09 16:52:34,939 [INFO] [autoscout24_it] Completato BMW Serie 3: 19 listing in 1 pagine
2026-06-09 16:52:34,949 [INFO] JSON saved: /Users/macbook/Documents/combaretrovamiauto-enterprise/dossiers/ARGOS_BMW_Serie 3_TEST_FOUNDER_20260609_165234.json
2026-06-09 16:53:23,495 [INFO] PDF> Image OK: 853139 bytes — -49f6-9580-b3319d542b7b.jpg/250x188.webp
2026-06-09 16:53:23,495 [INFO] PDF>   Image OK: 818787 bytes — -45af-a8e0-852fe1e00ea9.jpg/250x188.webp
2026-06-09 16:53:23,495 [INFO] PDF>   Image OK: 849180 bytes — -4838-adb6-65bc554588ab.jpg/250x188.webp
2026-06-09 16:53:23,495 [INFO] PDF>   Image OK: 569393 bytes — -4d3b-91f5-e6ade2b229ae.jpg/250x188.webp
2026-06-09 16:53:23,495 [INFO] PDF>   Image OK: 822178 bytes — -454d-a519-1c2252ad3dad.jpg/250x188.webp
2026-06-09 16:53:23,496 [INFO] PDF>   Image OK: 732817 bytes — -414b-9d33-302f9fbe36b6.jpg/250x188.webp
2026-06-09 16:53:23,496 [INFO] PDF> Downloaded 6 valid images from 10 unique URLs
2026-06-09 16:53:23,496 [INFO] PDF> [SANITIZER] Using /Users/macbook/.argos-sanitizer-venv/bin/python (has image_sanitizer)
2026-06-09 16:53:23,496 [INFO] PDF>   [SANITIZER] img[0] OK (813,620 bytes) → argos_autoscout24_de_a2a263b1d103_00.jpg
2026-06-09 16:53:23,496 [INFO] PDF>   [SANITIZER] img[1] OK (408,625 bytes) → argos_autoscout24_de_a2a263b1d103_01.jpg
2026-06-09 16:53:23,496 [INFO] PDF>   [SANITIZER] img[2] OK (562,627 bytes) → argos_autoscout24_de_a2a263b1d103_02.jpg
2026-06-09 16:53:23,496 [INFO] PDF>   [SANITIZER] img[3] OK (546,048 bytes) → argos_autoscout24_de_a2a263b1d103_03.jpg
2026-06-09 16:53:23,496 [INFO] PDF>   [SANITIZER] img[4] OK (782,131 bytes) → argos_autoscout24_de_a2a263b1d103_04.jpg
2026-06-09 16:53:23,496 [INFO] PDF>   [SANITIZER] img[5] OK (479,513 bytes) → argos_autoscout24_de_a2a263b1d103_05.jpg
2026-06-09 16:53:23,496 [INFO] PDF> [SANITIZER] 6/6 photos sanitized
2026-06-09 16:53:23,496 [INFO] PDF> Generating PDF from data: /Users/macbook/Documents/combaretrovamiauto-enterprise/dossiers/ARGOS_BMW_Serie 3_2021_TEST_FOUNDER_20260609_165235.pdf (6 images)
2026-06-09 16:53:23,496 [INFO] PDF> Done. PDF at: /Users/macbook/Documents/combaretrovamiauto-enterprise/dossiers/ARGOS_BMW_Serie 3_2021_TEST_FOUNDER_20260609_165235.pdf (4,499,997 bytes)
2026-06-09 16:53:23,496 [INFO] PDF> Done. PDF at: /Users/macbook/Documents/combaretrovamiauto-enterprise/dossiers/ARGOS_BMW_Serie 3_2021_TEST_FOUNDER_20260609_165235.pdf
2026-06-09 16:53:23,496 [INFO] PDF generated: /Users/macbook/Documents/combaretrovamiauto-enterprise/dossiers/ARGOS_BMW_Serie 3_2021_TEST_FOUNDER_20260609_165235.pdf (4,499,997 bytes)
CHOSEN PASS: {"prezzo_de": 29980.0, "year": 2021, "km": 55539, "it_median": 41200.0, "it_n": 19, "spread": 9305.0, "surplus": 4361.0, "fee_argos": 1744.4, "netto": 7560.6, "pct": 18.35, "decision": "PASS"}
PDF_RESULT: /Users/macbook/Documents/combaretrovamiauto-enterprise/dossiers/ARGOS_BMW_Serie 3_2021_TEST_FOUNDER_20260609_165235.pdf
